                                                                 The SAS System                            10:49 Thursday, September 10, 2020   1

                                                                                           members_
                                             Obs    contract    Mon     Yr     mmos_sum       sum

                                               1      ANT        1     2015      10097        7465 
                                               2      CMS        1     2015     120657       40219 
                                               3      ANT        2     2015      10250        7565 
                                               4      CMS        2     2015     122583       40861 
                                               5      ANT        3     2015      10383        7661 
                                               6      CMS        3     2015     123876       41292 
                                               7      ANT        4     2015      10496        7742 
                                               8      CMS        4     2015     124935       41645 
                                               9      ANT        5     2015      10621        7831 
                                              10      CMS        5     2015     125814       41938 
                                              11      ANT        6     2015      10717        7909 
                                              12      CMS        6     2015     126615       42205 
                                              13      ANT        7     2015      10843        8007 
                                              14      CMS        7     2015     127398       42466 
                                              15      ANT        8     2015      10993        8112 
                                              16      CMS        8     2015     128205       42735 
                                              17      ANT        9     2015      11158        8227 
                                              18      CMS        9     2015     128952       42984 
                                              19      ANT       10     2015      11286        8324 
                                              20      CMS       10     2015     129678       43226 
                                              21      ANT       11     2015      11365        8386 
                                              22      CMS       11     2015     130401       43467 
                                              23      ANT       12     2015      11503        8484 
                                              24      CMS       12     2015     131103       43701 
                                              25      ANT        1     2016      12799        9450 
                                                                 The SAS System                            10:49 Thursday, September 10, 2020   2

                                        numrows_    members_     amt_pay_     amt_req_     amt_eqv_
                  Obs    Mon     Yr        sum         sum            sum          sum          sum    met_qty_sum    contract

                    1     1     2015       1793         705        108.54    220993.01       215.28       80694.40      ANT   
                    2     1     2015     145319       22527          0.00         0.00         0.00    11201210.98      CMS   
                    3     2     2015       1678         677         55.40    203088.80       100.36       94054.06      ANT   
                    4     2     2015     131426       22097          0.00         0.00         0.00    10153526.59      CMS   
                    5     3     2015       1993         753         26.04    261102.00        46.04       97792.84      ANT   
                    6     3     2015     147172       23151          0.00         0.00         0.00    11845599.16      CMS   
                    7     4     2015       1810         706         87.14    228941.06       140.25       85788.36      ANT   
                    8     4     2015     142018       22814          0.00         0.00         0.00    11084696.58      CMS   
                    9     5     2015       1838         715        115.03    245717.98       127.81       87093.47      ANT   
                   10     5     2015     139327       22677          0.00         0.00         0.00    10749557.68      CMS   
                   11     6     2015       1936         725         86.20    233316.38       138.46       99261.72      ANT   
                   12     6     2015     142897       23098          0.00         0.00         0.00    11023661.97      CMS   
                   13     7     2015       1978         740         67.27    223487.05       104.89      106837.37      ANT   
                   14     7     2015     145293       23288          0.00         0.00         0.00    11308358.70      CMS   
                   15     8     2015       1918         757         43.18    249193.35        87.58      110601.92      ANT   
                   16     8     2015     138957       23357          0.00         0.00         0.00    10755382.88      CMS   
                   17     9     2015       1924         751         60.69    282276.04       110.30      107383.86      ANT   
                   18     9     2015     135710       23443          0.00         0.00         0.00    10664085.98      CMS   
                   19    10     2015       2098         792          0.00    272887.46         0.00      118687.87      ANT   
                   20    10     2015     136717       23854          0.00         0.00         0.00    10993473.74      CMS   
                   21    11     2015       1945         767         58.39    302200.68       100.41      114217.37      ANT   
                   22    11     2015     128836       23628          0.00         0.00         0.00     9884806.22      CMS   
                   23    12     2015       2196         823        127.86    278308.71       132.16      120185.70      ANT   
                   24    12     2015     138809       24150          0.00         0.00         0.00    10924826.02      CMS   
                   25     1     2016       1610         630     100278.02    198660.07    132138.07       89992.19      ANT   
                                                                 The SAS System                            10:49 Thursday, September 10, 2020   3

                                                             The CONTENTS Procedure

                                 Data Set Name        WORK.SERVICERX                Observations           180 
                                 Member Type          DATA                          Variables              9   
                                 Engine               V9                            Indexes                0   
                                 Created              09/10/2020 10:52:42           Observation Length     69  
                                 Last Modified        09/10/2020 10:52:42           Deleted Observations   0   
                                 Protection                                         Compressed             CHAR
                                 Data Set Type                                      Reuse Space            NO  
                                 Label                                              Point to Observations  YES 
                                 Data Representation  WINDOWS_64                    Sorted                 NO  
                                 Encoding             wlatin1  Western (Windows)                               


                                                       Engine/Host Dependent Information

                             Data Set Page Size          32768                                                     
                             Number of Data Set Pages    2                                                         
                             Number of Data Set Repairs  0                                                         
                             ExtendObsCounter            YES                                                       
                             Filename                    F:\saswork\camendol\_TD30512_APSWP2286_\servicerx.sas7bdat
                             Release Created             9.0401M6                                                  
                             Host Created                X64_SRV16                                                 
                             Owner Name                  IHCIS\camendol                                            
                             File Size                   96KB                                                      
                             File Size (bytes)           98304                                                     


                                                   Alphabetic List of Variables and Attributes
 
                                                   #    Variable       Type    Len    Informat

                                                   1    Mon            Char      2            
                                                   2    Yr             Char      4            
                                                   7    amt_eqv_sum    Num       8            
                                                   5    amt_pay_sum    Num       8            
                                                   6    amt_req_sum    Num       8            
                                                   9    contract       Char     15    $CHAR15.
                                                   4    members_sum    Num       8            
                                                   8    met_qty_sum    Num       8            
                                                   3    numrows_sum    Num       8            
                                                                 The SAS System                            10:49 Thursday, September 10, 2020   4

                                    numrows_    members_
              Obs    Mon     Yr        sum         sum       amt_pay_sum     amt_req_sum     amt_eqv_sum       qty_sum     contract

                1     1     2015      24091        3217        3515909.13    12729299.58       4266480.22      80818.00      ANT   
                2     1     2015     464945       25936      574450016.27           0.00     579712695.28    1530418.70      CMS   
                3     2     2015      22202        3176        3383513.30    11213643.55       3911478.28      79213.00      ANT   
                4     2     2015     391777       25609      512498521.34           0.00     516200564.32    1267335.90      CMS   
                5     3     2015      24683        3349        3283421.88    11371717.76       3816347.75      87615.00      ANT   
                6     3     2015     426319       26596      652253116.12           0.00     656250207.16    2522866.40      CMS   
                7     4     2015      24966        3355        3495650.21    14073764.78       4012143.20      93386.00      ANT   
                8     4     2015     421343       26778      562290005.16           0.00     566180323.36    2278573.10      CMS   
                9     5     2015      22624        3176        3290717.91    13952387.85       3666869.46      82486.00      ANT   
               10     5     2015     393613       25854      669329993.89           0.00     672649599.00    1975022.20      CMS   
               11     6     2015      24094        3257        3102958.19    12503554.46       3616262.11      88494.00      ANT   
               12     6     2015     415496       26770      656318790.66           0.00     659825389.52    1798616.60      CMS   
               13     7     2015      24507        3207        3734973.61    13618759.04       4120268.91      95636.00      ANT   
               14     7     2015     427314       26808     1143206298.37           0.00    1146827140.75    2584357.10      CMS   
               15     8     2015      23947        3249        4286433.45    14981008.56       4856764.08      94936.00      ANT   
               16     8     2015     405909       26871      754462232.95           0.00     757750780.29    1827504.30      CMS   
               17     9     2015      24261        3234        4214873.25    12946608.31       4639750.85      95731.00      ANT   
               18     9     2015     440032       28008      801113512.93           0.00     804501893.59    2764507.30      CMS   
               19    10     2015      26602        3683        3882703.49    14458580.09       4296621.43      97575.00      ANT   
               20    10     2015     473085       29710      641493558.34           0.00     645042313.81    1605677.00      CMS   
               21    11     2015      23569        3445        3310337.36    12415231.74       3585129.92      77209.00      ANT   
               22    11     2015     406057       27578      661154249.31           0.00     664304796.95    2107368.00      CMS   
               23    12     2015      26455        3488        4318593.71    16318473.25       4671878.03      97273.00      ANT   
               24    12     2015     451075       27194      647740835.93           0.00     651250871.59    1681868.00      CMS   
               25     1     2016      27422        3030        4366747.71    13513029.47       2935783.85      79560.00      ANT   
